// Jest Snapshot v1, https://goo.gl/fbAQLP

exports[`authors component renders the authors div 1`] = `
ShallowWrapper {
  "length": 1,
  Symbol(enzyme.__root__): [Circular],
  Symbol(enzyme.__unrendered__): <Authors
    authors={
        Array [
            Object {
              "id": 1,
              "last_name": "mandigo",
            },
          ]
    }
/>,
  Symbol(enzyme.__renderer__): Object {
    "batchedUpdates": [Function],
    "getNode": [Function],
    "render": [Function],
    "simulateEvent": [Function],
    "unmount": [Function],
  },
  Symbol(enzyme.__node__): Object {
    "instance": null,
    "key": undefined,
    "nodeType": "class",
    "props": Object {
      "bsClass": "row",
      "children": <Col
        bsClass="col"
        componentClass="div"
        md={12}
>
        <div
                id="authors"
        >
                <h2>
                        Authors
                </h2>
                <EditableAuthorsList
                        authors={Array []}
                        onDeleteClick={[Function]}
                        onFormSubmit={[Function]}
                />
                <AuthorFormToggle
                        isOpen={false}
                        onFormSubmit={[Function]}
                />
        </div>
</Col>,
      "componentClass": "div",
    },
    "ref": null,
    "rendered": Object {
      "instance": null,
      "key": undefined,
      "nodeType": "class",
      "props": Object {
        "bsClass": "col",
        "children": <div
          id="authors"
>
          <h2>
                    Authors
          </h2>
          <EditableAuthorsList
                    authors={Array []}
                    onDeleteClick={[Function]}
                    onFormSubmit={[Function]}
          />
          <AuthorFormToggle
                    isOpen={false}
                    onFormSubmit={[Function]}
          />
</div>,
        "componentClass": "div",
        "md": 12,
      },
      "ref": null,
      "rendered": Object {
        "instance": null,
        "key": undefined,
        "nodeType": "host",
        "props": Object {
          "children": Array [
            <h2>
              Authors
</h2>,
            <EditableAuthorsList
              authors={Array []}
              onDeleteClick={[Function]}
              onFormSubmit={[Function]}
/>,
            <AuthorFormToggle
              isOpen={false}
              onFormSubmit={[Function]}
/>,
          ],
          "id": "authors",
        },
        "ref": null,
        "rendered": Array [
          Object {
            "instance": null,
            "key": undefined,
            "nodeType": "host",
            "props": Object {
              "children": "Authors",
            },
            "ref": null,
            "rendered": "Authors",
            "type": "h2",
          },
          Object {
            "instance": null,
            "key": undefined,
            "nodeType": "class",
            "props": Object {
              "authors": Array [],
              "onDeleteClick": [Function],
              "onFormSubmit": [Function],
            },
            "ref": null,
            "rendered": null,
            "type": [Function],
          },
          Object {
            "instance": null,
            "key": undefined,
            "nodeType": "class",
            "props": Object {
              "isOpen": false,
              "onFormSubmit": [Function],
            },
            "ref": null,
            "rendered": null,
            "type": [Function],
          },
        ],
        "type": "div",
      },
      "type": [Function],
    },
    "type": [Function],
  },
  Symbol(enzyme.__nodes__): Array [
    Object {
      "instance": null,
      "key": undefined,
      "nodeType": "class",
      "props": Object {
        "bsClass": "row",
        "children": <Col
          bsClass="col"
          componentClass="div"
          md={12}
>
          <div
                    id="authors"
          >
                    <h2>
                              Authors
                    </h2>
                    <EditableAuthorsList
                              authors={Array []}
                              onDeleteClick={[Function]}
                              onFormSubmit={[Function]}
                    />
                    <AuthorFormToggle
                              isOpen={false}
                              onFormSubmit={[Function]}
                    />
          </div>
</Col>,
        "componentClass": "div",
      },
      "ref": null,
      "rendered": Object {
        "instance": null,
        "key": undefined,
        "nodeType": "class",
        "props": Object {
          "bsClass": "col",
          "children": <div
            id="authors"
>
            <h2>
                        Authors
            </h2>
            <EditableAuthorsList
                        authors={Array []}
                        onDeleteClick={[Function]}
                        onFormSubmit={[Function]}
            />
            <AuthorFormToggle
                        isOpen={false}
                        onFormSubmit={[Function]}
            />
</div>,
          "componentClass": "div",
          "md": 12,
        },
        "ref": null,
        "rendered": Object {
          "instance": null,
          "key": undefined,
          "nodeType": "host",
          "props": Object {
            "children": Array [
              <h2>
                Authors
</h2>,
              <EditableAuthorsList
                authors={Array []}
                onDeleteClick={[Function]}
                onFormSubmit={[Function]}
/>,
              <AuthorFormToggle
                isOpen={false}
                onFormSubmit={[Function]}
/>,
            ],
            "id": "authors",
          },
          "ref": null,
          "rendered": Array [
            Object {
              "instance": null,
              "key": undefined,
              "nodeType": "host",
              "props": Object {
                "children": "Authors",
              },
              "ref": null,
              "rendered": "Authors",
              "type": "h2",
            },
            Object {
              "instance": null,
              "key": undefined,
              "nodeType": "class",
              "props": Object {
                "authors": Array [],
                "onDeleteClick": [Function],
                "onFormSubmit": [Function],
              },
              "ref": null,
              "rendered": null,
              "type": [Function],
            },
            Object {
              "instance": null,
              "key": undefined,
              "nodeType": "class",
              "props": Object {
                "isOpen": false,
                "onFormSubmit": [Function],
              },
              "ref": null,
              "rendered": null,
              "type": [Function],
            },
          ],
          "type": "div",
        },
        "type": [Function],
      },
      "type": [Function],
    },
  ],
  Symbol(enzyme.__options__): Object {
    "adapter": ReactSixteenAdapter {
      "options": Object {
        "enableComponentDidUpdateOnSetState": true,
      },
    },
  },
}
`;
